###############################################################################
#
# IAR ELF Linker V7.80.1.11864/W32 for ARM                17/Oct/2017  16:55:17
# Copyright 2007-2016 IAR Systems AB.
#
#    Output file  =  
#        C:\Users\Goragod\Desktop\STM32F7-LL-OV9650\Project\STM32F7-OpenMV\EWARM\Debug\Exe\STM32F765-OPENMV.out
#    Map file     =  
#        C:\Users\Goragod\Desktop\STM32F7-LL-OV9650\Project\STM32F7-OpenMV\EWARM\Debug\List\STM32F765-OPENMV.map
#    Command line =  
#        C:\Users\Goragod\Desktop\STM32F7-LL-OV9650\Project\STM32F7-OpenMV\EWARM\Debug\Obj\camera.o
#        C:\Users\Goragod\Desktop\STM32F7-LL-OV9650\Project\STM32F7-OpenMV\EWARM\Debug\Obj\main.o
#        C:\Users\Goragod\Desktop\STM32F7-LL-OV9650\Project\STM32F7-OpenMV\EWARM\Debug\Obj\ov9655.o
#        C:\Users\Goragod\Desktop\STM32F7-LL-OV9650\Project\STM32F7-OpenMV\EWARM\Debug\Obj\sccb.o
#        C:\Users\Goragod\Desktop\STM32F7-LL-OV9650\Project\STM32F7-OpenMV\EWARM\Debug\Obj\startup_stm32f765xx.o
#        C:\Users\Goragod\Desktop\STM32F7-LL-OV9650\Project\STM32F7-OpenMV\EWARM\Debug\Obj\stm32f7xx_dcmi.o
#        C:\Users\Goragod\Desktop\STM32F7-LL-OV9650\Project\STM32F7-OpenMV\EWARM\Debug\Obj\stm32f7xx_ll_dma.o
#        C:\Users\Goragod\Desktop\STM32F7-LL-OV9650\Project\STM32F7-OpenMV\EWARM\Debug\Obj\stm32f7xx_ll_gpio.o
#        C:\Users\Goragod\Desktop\STM32F7-LL-OV9650\Project\STM32F7-OpenMV\EWARM\Debug\Obj\stm32f7xx_ll_i2c.o
#        C:\Users\Goragod\Desktop\STM32F7-LL-OV9650\Project\STM32F7-OpenMV\EWARM\Debug\Obj\stm32f7xx_ll_pwr.o
#        C:\Users\Goragod\Desktop\STM32F7-LL-OV9650\Project\STM32F7-OpenMV\EWARM\Debug\Obj\stm32f7xx_ll_rcc.o
#        C:\Users\Goragod\Desktop\STM32F7-LL-OV9650\Project\STM32F7-OpenMV\EWARM\Debug\Obj\stm32f7xx_ll_utils.o
#        C:\Users\Goragod\Desktop\STM32F7-LL-OV9650\Project\STM32F7-OpenMV\EWARM\Debug\Obj\system_stm32f7xx.o
#        -o
#        C:\Users\Goragod\Desktop\STM32F7-LL-OV9650\Project\STM32F7-OpenMV\EWARM\Debug\Exe\STM32F765-OPENMV.out
#        --map
#        C:\Users\Goragod\Desktop\STM32F7-LL-OV9650\Project\STM32F7-OpenMV\EWARM\Debug\List\STM32F765-OPENMV.map
#        --config "C:\Program Files (x86)\IAR Systems\Embedded Workbench
#        7.5\arm\config\linker\ST\stm32f765xI.icf" --semihosting --entry
#        __iar_program_start --vfe
#
###############################################################################

*******************************************************************************
*** RUNTIME MODEL ATTRIBUTES
***

CppFlavor       = *
__SystemLibrary = DLib


*******************************************************************************
*** PLACEMENT SUMMARY
***

"A0":  place at 0x00200000 { ro section .intvec };
"P1":  place in [from 0x00200000 to 0x003fffff] { ro };
"P4":  place in [from 0x20000000 to 0x2001ffff] { block CSTACK };
"P5":  place in [from 0x20020000 to 0x2007bfff] |
                [from 0x2007c000 to 0x2007ffff] { rw, block HEAP };
initialize by copy { rw };

  Section            Kind        Address    Size  Object
  -------            ----        -------    ----  ------
"A0":                                      0x1f8
  .intvec            ro code  0x00200000   0x1f8  startup_stm32f765xx.o [1]
                            - 0x002001f8   0x1f8

"P1":                                     0x1874
  .text              ro code  0x002001f8   0x64c  camera.o [1]
  .text              ro code  0x00200844   0x37a  sccb.o [1]
  .text              ro code  0x00200bc0   0x178  stm32f7xx_ll_dma.o [1]
  .text              ro code  0x00200d38   0x12c  stm32f7xx_dcmi.o [1]
  .text              ro code  0x00200e64    0x2c  stm32f7xx_ll_utils.o [1]
  .text              ro code  0x00200e90   0x19a  stm32f7xx_ll_gpio.o [1]
  .text              ro code  0x0020102c    0xb0  stm32f7xx_ll_i2c.o [1]
  .text              ro code  0x002010dc   0x294  main.o [1]
  .rodata            const    0x00201370   0x12c  ov9655.o [1]
  .rodata            const    0x0020149c   0x12c  ov9655.o [1]
  .rodata            const    0x002015c8   0x128  ov9655.o [1]
  .text              ro code  0x002016f0    0x6c  system_stm32f7xx.o [1]
  .text              ro code  0x0020175c    0x40  zero_init3.o [5]
  .text              ro code  0x0020179c    0x2c  copy_init3.o [5]
  .text              ro code  0x002017c8    0x28  data_init.o [5]
  .text              ro code  0x002017f0    0x22  fpinit_M.o [4]
  .iar.init_table    const    0x00201814    0x24  - Linker created -
  .text              ro code  0x00201838    0x1a  cmain.o [5]
  .text              ro code  0x00201852     0x4  low_level_init.o [3]
  .text              ro code  0x00201856     0x4  exit.o [3]
  .text              ro code  0x0020185c     0xa  cexit.o [5]
  .text              ro code  0x00201868    0x14  exit.o [6]
  .text              ro code  0x0020187c    0x10  startup_stm32f765xx.o [1]
  .text              ro code  0x0020188c     0xc  cstartup_M.o [5]
  .rodata            const    0x00201898     0x8  camera.o [1]
  .rodata            const    0x002018a0     0x8  stm32f7xx_ll_dma.o [1]
  .text              ro code  0x002018a8     0x4  startup_stm32f765xx.o [1]
  .text              ro code  0x002018ac     0x4  startup_stm32f765xx.o [1]
  .text              ro code  0x002018b0     0x4  startup_stm32f765xx.o [1]
  .text              ro code  0x002018b4     0x4  startup_stm32f765xx.o [1]
  .text              ro code  0x002018b8     0x4  startup_stm32f765xx.o [1]
  .text              ro code  0x002018bc     0x4  startup_stm32f765xx.o [1]
  .text              ro code  0x002018c0     0x4  startup_stm32f765xx.o [1]
  .text              ro code  0x002018c4     0x4  startup_stm32f765xx.o [1]
  .text              ro code  0x002018c8     0x4  startup_stm32f765xx.o [1]
  .text              ro code  0x002018cc     0x4  startup_stm32f765xx.o [1]
  .text              ro code  0x002018d0     0x4  startup_stm32f765xx.o [1]
  .text              ro code  0x002018d4     0x4  startup_stm32f765xx.o [1]
  .text              ro code  0x002018d8     0x4  startup_stm32f765xx.o [1]
  .text              ro code  0x002018dc     0x4  startup_stm32f765xx.o [1]
  .text              ro code  0x002018e0     0x4  startup_stm32f765xx.o [1]
  .text              ro code  0x002018e4     0x4  startup_stm32f765xx.o [1]
  .text              ro code  0x002018e8     0x4  startup_stm32f765xx.o [1]
  .text              ro code  0x002018ec     0x4  startup_stm32f765xx.o [1]
  .text              ro code  0x002018f0     0x4  startup_stm32f765xx.o [1]
  .text              ro code  0x002018f4     0x4  startup_stm32f765xx.o [1]
  .text              ro code  0x002018f8     0x4  startup_stm32f765xx.o [1]
  .text              ro code  0x002018fc     0x4  startup_stm32f765xx.o [1]
  .text              ro code  0x00201900     0x4  startup_stm32f765xx.o [1]
  .text              ro code  0x00201904     0x4  startup_stm32f765xx.o [1]
  .text              ro code  0x00201908     0x4  startup_stm32f765xx.o [1]
  .text              ro code  0x0020190c     0x4  startup_stm32f765xx.o [1]
  .text              ro code  0x00201910     0x4  startup_stm32f765xx.o [1]
  .text              ro code  0x00201914     0x4  startup_stm32f765xx.o [1]
  .text              ro code  0x00201918     0x4  startup_stm32f765xx.o [1]
  .text              ro code  0x0020191c     0x4  startup_stm32f765xx.o [1]
  .text              ro code  0x00201920     0x4  startup_stm32f765xx.o [1]
  .text              ro code  0x00201924     0x4  startup_stm32f765xx.o [1]
  .text              ro code  0x00201928     0x4  startup_stm32f765xx.o [1]
  .text              ro code  0x0020192c     0x4  startup_stm32f765xx.o [1]
  .text              ro code  0x00201930     0x4  startup_stm32f765xx.o [1]
  .text              ro code  0x00201934     0x4  startup_stm32f765xx.o [1]
  .text              ro code  0x00201938     0x4  startup_stm32f765xx.o [1]
  .text              ro code  0x0020193c     0x4  startup_stm32f765xx.o [1]
  .text              ro code  0x00201940     0x4  startup_stm32f765xx.o [1]
  .text              ro code  0x00201944     0x4  startup_stm32f765xx.o [1]
  .text              ro code  0x00201948     0x4  startup_stm32f765xx.o [1]
  .text              ro code  0x0020194c     0x4  startup_stm32f765xx.o [1]
  .text              ro code  0x00201950     0x4  startup_stm32f765xx.o [1]
  .text              ro code  0x00201954     0x4  startup_stm32f765xx.o [1]
  .text              ro code  0x00201958     0x4  startup_stm32f765xx.o [1]
  .text              ro code  0x0020195c     0x4  startup_stm32f765xx.o [1]
  .text              ro code  0x00201960     0x4  startup_stm32f765xx.o [1]
  .text              ro code  0x00201964     0x4  startup_stm32f765xx.o [1]
  .text              ro code  0x00201968     0x4  startup_stm32f765xx.o [1]
  .text              ro code  0x0020196c     0x4  startup_stm32f765xx.o [1]
  .text              ro code  0x00201970     0x4  startup_stm32f765xx.o [1]
  .text              ro code  0x00201974     0x4  startup_stm32f765xx.o [1]
  .text              ro code  0x00201978     0x4  startup_stm32f765xx.o [1]
  .text              ro code  0x0020197c     0x4  startup_stm32f765xx.o [1]
  .text              ro code  0x00201980     0x4  startup_stm32f765xx.o [1]
  .text              ro code  0x00201984     0x4  startup_stm32f765xx.o [1]
  .text              ro code  0x00201988     0x4  startup_stm32f765xx.o [1]
  .text              ro code  0x0020198c     0x4  startup_stm32f765xx.o [1]
  .text              ro code  0x00201990     0x4  startup_stm32f765xx.o [1]
  .text              ro code  0x00201994     0x4  startup_stm32f765xx.o [1]
  .text              ro code  0x00201998     0x4  startup_stm32f765xx.o [1]
  .text              ro code  0x0020199c     0x4  startup_stm32f765xx.o [1]
  .text              ro code  0x002019a0     0x4  startup_stm32f765xx.o [1]
  .text              ro code  0x002019a4     0x4  startup_stm32f765xx.o [1]
  .text              ro code  0x002019a8     0x4  startup_stm32f765xx.o [1]
  .text              ro code  0x002019ac     0x4  startup_stm32f765xx.o [1]
  .text              ro code  0x002019b0     0x4  startup_stm32f765xx.o [1]
  .text              ro code  0x002019b4     0x4  startup_stm32f765xx.o [1]
  .text              ro code  0x002019b8     0x4  startup_stm32f765xx.o [1]
  .text              ro code  0x002019bc     0x4  startup_stm32f765xx.o [1]
  .text              ro code  0x002019c0     0x4  startup_stm32f765xx.o [1]
  .text              ro code  0x002019c4     0x4  startup_stm32f765xx.o [1]
  .text              ro code  0x002019c8     0x4  startup_stm32f765xx.o [1]
  .text              ro code  0x002019cc     0x4  startup_stm32f765xx.o [1]
  .text              ro code  0x002019d0     0x4  startup_stm32f765xx.o [1]
  .text              ro code  0x002019d4     0x4  startup_stm32f765xx.o [1]
  .text              ro code  0x002019d8     0x4  startup_stm32f765xx.o [1]
  .text              ro code  0x002019dc     0x4  startup_stm32f765xx.o [1]
  .text              ro code  0x002019e0     0x4  startup_stm32f765xx.o [1]
  .text              ro code  0x002019e4     0x4  startup_stm32f765xx.o [1]
  .text              ro code  0x002019e8     0x4  startup_stm32f765xx.o [1]
  .text              ro code  0x002019ec     0x4  startup_stm32f765xx.o [1]
  .text              ro code  0x002019f0     0x4  startup_stm32f765xx.o [1]
  .text              ro code  0x002019f4     0x4  startup_stm32f765xx.o [1]
  .text              ro code  0x002019f8     0x4  startup_stm32f765xx.o [1]
  .text              ro code  0x002019fc     0x4  startup_stm32f765xx.o [1]
  .text              ro code  0x00201a00     0x4  startup_stm32f765xx.o [1]
  .text              ro code  0x00201a04     0x4  startup_stm32f765xx.o [1]
  .text              ro code  0x00201a08     0x4  startup_stm32f765xx.o [1]
  .text              ro code  0x00201a0c     0x4  startup_stm32f765xx.o [1]
  .text              ro code  0x00201a10     0x4  startup_stm32f765xx.o [1]
  .text              ro code  0x00201a14     0x4  startup_stm32f765xx.o [1]
  .text              ro code  0x00201a18     0x4  startup_stm32f765xx.o [1]
  .text              ro code  0x00201a1c     0x4  startup_stm32f765xx.o [1]
  .text              ro code  0x00201a20     0x4  startup_stm32f765xx.o [1]
  .text              ro code  0x00201a24     0x4  startup_stm32f765xx.o [1]
  .text              ro code  0x00201a28     0x4  startup_stm32f765xx.o [1]
  .text              ro code  0x00201a2c     0x4  startup_stm32f765xx.o [1]
  .text              ro code  0x00201a30     0x4  startup_stm32f765xx.o [1]
  .text              ro code  0x00201a34     0x4  startup_stm32f765xx.o [1]
  .text              ro code  0x00201a38     0x4  startup_stm32f765xx.o [1]
  .text              ro code  0x00201a3c     0x4  startup_stm32f765xx.o [1]
  .text              ro code  0x00201a40     0x4  startup_stm32f765xx.o [1]
  .text              ro code  0x00201a44     0x4  startup_stm32f765xx.o [1]
  .text              ro code  0x00201a48     0x4  startup_stm32f765xx.o [1]
  .text              ro code  0x00201a4c     0x4  startup_stm32f765xx.o [1]
  .text              ro code  0x00201a50     0x4  startup_stm32f765xx.o [1]
  .text              ro code  0x00201a54     0x4  startup_stm32f765xx.o [1]
  .text              ro code  0x00201a58     0x4  startup_stm32f765xx.o [1]
  .text              ro code  0x00201a5c     0x4  startup_stm32f765xx.o [1]
  .text              ro code  0x00201a60     0x4  startup_stm32f765xx.o [1]
  .rodata            const    0x00201a64     0x0  zero_init3.o [5]
  .rodata            const    0x00201a64     0x0  copy_init3.o [5]
  Initializer bytes  const    0x00201a64     0x8  <for P5 s0>
                            - 0x00201a6c  0x1874

"P4":                                     0x2000
  CSTACK                      0x20000000  0x2000  <Block>
    CSTACK           uninit   0x20000000  0x2000  <Block tail>
                            - 0x20002000  0x2000

"P5", part 1 of 2:                           0x8
  P5 s0                       0x20020000     0x8  <Init block>
    .data            inited   0x20020000     0x4  system_stm32f7xx.o [1]
    .data            inited   0x20020004     0x1  sccb.o [1]
    .data            inited   0x20020005     0x1  sccb.o [1]
                            - 0x20020008     0x8

"P5", part 2 of 2:                        0x9610
  .bss               zero     0x20020008  0x9600  main.o [1]
  .bss               zero     0x20029608     0x4  camera.o [1]
  .bss               zero     0x2002960c     0x4  camera.o [1]
  .bss               zero     0x20029610     0x4  sccb.o [1]
  .bss               zero     0x20029614     0x1  sccb.o [1]
  .bss               zero     0x20029615     0x1  sccb.o [1]
  .bss               zero     0x20029616     0x1  sccb.o [1]
                            - 0x20029617  0x960f


*******************************************************************************
*** INIT TABLE
***

          Address     Size
          -------     ----
Zero (__iar_zero_init3)
    1 destination range, total size 0x960f:
          0x20020008  0x960f

Copy (__iar_copy_init3)
    1 source range, total size 0x8 (133% of destination):
          0x00201a64     0x8
    1 destination range, total size 0x6:
          0x20020000     0x6



*******************************************************************************
*** MODULE SUMMARY
***

    Module                 ro code  ro data  rw data
    ------                 -------  -------  -------
C:\Users\Goragod\Desktop\STM32F7-LL-OV9650\Project\STM32F7-OpenMV\EWARM\Debug\Obj: [1]
    camera.o                 1 612        8        8
    main.o                     660            38 400
    ov9655.o                            896
    sccb.o                     890        2        9
    startup_stm32f765xx.o      964
    stm32f7xx_dcmi.o           300
    stm32f7xx_ll_dma.o         376        8
    stm32f7xx_ll_gpio.o        410
    stm32f7xx_ll_i2c.o         176
    stm32f7xx_ll_utils.o        44
    system_stm32f7xx.o         108        4        4
    ------------------------------------------------
    Total:                   5 540      918   38 421

command line: [2]
    ------------------------------------------------
    Total:

dl7M_tln.a: [3]
    exit.o                       4
    low_level_init.o             4
    ------------------------------------------------
    Total:                       8

m7M_tls.a: [4]
    fpinit_M.o                  34
    ------------------------------------------------
    Total:                      34

rt7M_tl.a: [5]
    cexit.o                     10
    cmain.o                     26
    copy_init3.o                44
    cstartup_M.o                12
    data_init.o                 40
    zero_init3.o                64
    ------------------------------------------------
    Total:                     196

shb_l.a: [6]
    exit.o                      20
    ------------------------------------------------
    Total:                      20

    Gaps                         8        2
    Linker created                       38    8 192
----------------------------------------------------
    Grand Total:             5 806      958   46 613


*******************************************************************************
*** ENTRY LIST
***

Entry                      Address    Size  Type      Object
-----                      -------    ----  ----      ------
.iar.init_table$$Base   0x00201814           --   Gb  - Linker created -
.iar.init_table$$Limit  0x00201838           --   Gb  - Linker created -
?main                   0x00201839          Code  Gb  cmain.o [5]
CSTACK$$Base            0x20000000           --   Gb  - Linker created -
CSTACK$$Limit           0x20002000           --   Gb  - Linker created -
CameraCurrentCaptureMode
                        0x20029608     0x4  Data  Lc  camera.o [1]
CameraCurrentResolution
                        0x2002960c     0x4  Data  Lc  camera.o [1]
DCMI_CROPCmd            0x00200dd1    0x22  Code  Gb  stm32f7xx_dcmi.o [1]
DCMI_CROPConfig         0x00200db7    0x1a  Code  Gb  stm32f7xx_dcmi.o [1]
DCMI_CaptureCmd         0x00200e2d    0x22  Code  Gb  stm32f7xx_dcmi.o [1]
DCMI_CaptureModeConfig  0x00200df3    0x18  Code  Gb  stm32f7xx_dcmi.o [1]
DCMI_Cmd                0x00200e0b    0x22  Code  Gb  stm32f7xx_dcmi.o [1]
DCMI_Init               0x00200d39    0x4c  Code  Gb  stm32f7xx_dcmi.o [1]
DCMI_StructInit         0x00200d85    0x32  Code  Gb  stm32f7xx_dcmi.o [1]
DMA2_Stream1_IRQHandler
                        0x002007a5    0x54  Code  Gb  camera.o [1]
I2C1_ER_IRQHandler      0x00200bbd     0x2  Code  Gb  sccb.o [1]
I2C1_EV_IRQHandler      0x00200aad    0xd4  Code  Gb  sccb.o [1]
LL_AHB1_GRP1_EnableClock
                        0x002003ad    0x20  Code  Lc  camera.o [1]
LL_AHB1_GRP1_EnableClock
                        0x00200913    0x1a  Code  Lc  sccb.o [1]
LL_AHB2_GRP1_EnableClock
                        0x002003cd    0x20  Code  Lc  camera.o [1]
LL_APB1_GRP1_EnableClock
                        0x0020112d    0x1a  Code  Lc  main.o [1]
LL_APB1_GRP1_EnableClock
                        0x0020092d    0x1a  Code  Lc  sccb.o [1]
LL_DMA_ClearFlag_DME1   0x00200311     0xa  Code  Lc  camera.o [1]
LL_DMA_ClearFlag_FE1    0x0020031b     0xa  Code  Lc  camera.o [1]
LL_DMA_ClearFlag_HT1    0x002002f3     0xa  Code  Lc  camera.o [1]
LL_DMA_ClearFlag_TC1    0x002002fd     0xa  Code  Lc  camera.o [1]
LL_DMA_ClearFlag_TE1    0x00200307     0xa  Code  Lc  camera.o [1]
LL_DMA_ConfigFifo       0x00200c3d    0x1e  Code  Lc  stm32f7xx_ll_dma.o [1]
LL_DMA_ConfigTransfer   0x00200bc1    0x1c  Code  Lc  stm32f7xx_ll_dma.o [1]
LL_DMA_DisableStream    0x0020024f    0x1a  Code  Lc  camera.o [1]
LL_DMA_EnableDoubleBufferMode
                        0x00200285    0x1a  Code  Lc  camera.o [1]
LL_DMA_EnableIT_DME     0x00200373    0x1a  Code  Lc  camera.o [1]
LL_DMA_EnableIT_FE      0x0020038d    0x1a  Code  Lc  camera.o [1]
LL_DMA_EnableIT_HT      0x00200325    0x1a  Code  Lc  camera.o [1]
LL_DMA_EnableIT_TC      0x00200359    0x1a  Code  Lc  camera.o [1]
LL_DMA_EnableIT_TE      0x0020033f    0x1a  Code  Lc  camera.o [1]
LL_DMA_EnableStream     0x00200235    0x1a  Code  Lc  camera.o [1]
LL_DMA_Init             0x00200c79    0x82  Code  Gb  stm32f7xx_ll_dma.o [1]
LL_DMA_IsActiveFlag_DME1
                        0x002002df     0xa  Code  Lc  camera.o [1]
LL_DMA_IsActiveFlag_FE1
                        0x002002e9     0xa  Code  Lc  camera.o [1]
LL_DMA_IsActiveFlag_HT1
                        0x002002c1     0xa  Code  Lc  camera.o [1]
LL_DMA_IsActiveFlag_TC1
                        0x002002cb     0xa  Code  Lc  camera.o [1]
LL_DMA_IsActiveFlag_TE1
                        0x002002d5     0xa  Code  Lc  camera.o [1]
LL_DMA_SetChannelSelection
                        0x00200bf5    0x18  Code  Lc  stm32f7xx_ll_dma.o [1]
LL_DMA_SetDataLength    0x00200269    0x1c  Code  Lc  camera.o [1]
LL_DMA_SetDataLength    0x00200bdd    0x18  Code  Lc  stm32f7xx_ll_dma.o [1]
LL_DMA_SetMemory1Address
                        0x002002ab    0x16  Code  Lc  camera.o [1]
LL_DMA_SetMemoryAddress
                        0x0020029f     0xc  Code  Lc  camera.o [1]
LL_DMA_SetMemoryAddress
                        0x00200c5b     0xa  Code  Lc  stm32f7xx_ll_dma.o [1]
LL_DMA_SetMemoryBurstxfer
                        0x00200c0d    0x18  Code  Lc  stm32f7xx_ll_dma.o [1]
LL_DMA_SetPeriphAddress
                        0x00200c65     0xa  Code  Lc  stm32f7xx_ll_dma.o [1]
LL_DMA_SetPeriphBurstxfer
                        0x00200c25    0x18  Code  Lc  stm32f7xx_ll_dma.o [1]
LL_DMA_StructInit       0x00200cfb    0x3e  Code  Gb  stm32f7xx_ll_dma.o [1]
LL_FLASH_SetLatency     0x002011e1    0x10  Code  Lc  main.o [1]
LL_GPIO_Init            0x00200f91    0x9a  Code  Gb  stm32f7xx_ll_gpio.o [1]
LL_GPIO_ResetOutputPin  0x002003a7     0x6  Code  Lc  camera.o [1]
LL_GPIO_SetAFPin_0_7    0x00200f2d    0x30  Code  Lc  stm32f7xx_ll_gpio.o [1]
LL_GPIO_SetAFPin_8_15   0x00200f5d    0x34  Code  Lc  stm32f7xx_ll_gpio.o [1]
LL_GPIO_SetPinMode      0x00200e91    0x30  Code  Lc  stm32f7xx_ll_gpio.o [1]
LL_GPIO_SetPinOutputType
                        0x00200ec1     0xc  Code  Lc  stm32f7xx_ll_gpio.o [1]
LL_GPIO_SetPinPull      0x00200efd    0x30  Code  Lc  stm32f7xx_ll_gpio.o [1]
LL_GPIO_SetPinSpeed     0x00200ecd    0x30  Code  Lc  stm32f7xx_ll_gpio.o [1]
LL_I2C_AcknowledgeNextData
                        0x00201083     0xc  Code  Lc  stm32f7xx_ll_i2c.o [1]
LL_I2C_ClearFlag_STOP   0x002008df     0xa  Code  Lc  sccb.o [1]
LL_I2C_ConfigFilters    0x00201041    0x10  Code  Lc  stm32f7xx_ll_i2c.o [1]
LL_I2C_Disable          0x00201037     0xa  Code  Lc  stm32f7xx_ll_i2c.o [1]
LL_I2C_DisableOwnAddress1
                        0x00201069     0xa  Code  Lc  stm32f7xx_ll_i2c.o [1]
LL_I2C_Enable           0x0020102d     0xa  Code  Lc  stm32f7xx_ll_i2c.o [1]
LL_I2C_EnableIT_ERR     0x002008af     0xa  Code  Lc  sccb.o [1]
LL_I2C_EnableIT_NACK    0x00200891     0xa  Code  Lc  sccb.o [1]
LL_I2C_EnableIT_RX      0x00200887     0xa  Code  Lc  sccb.o [1]
LL_I2C_EnableIT_STOP    0x0020089b     0xa  Code  Lc  sccb.o [1]
LL_I2C_EnableIT_TC      0x002008a5     0xa  Code  Lc  sccb.o [1]
LL_I2C_EnableIT_TX      0x0020087d     0xa  Code  Lc  sccb.o [1]
LL_I2C_EnableOwnAddress1
                        0x0020105f     0xa  Code  Lc  stm32f7xx_ll_i2c.o [1]
LL_I2C_HandleTransfer   0x002008e9    0x1e  Code  Lc  sccb.o [1]
LL_I2C_Init             0x0020108f    0x4e  Code  Gb  stm32f7xx_ll_i2c.o [1]
LL_I2C_IsActiveFlag_RXNE
                        0x002008c1     0xa  Code  Lc  sccb.o [1]
LL_I2C_IsActiveFlag_STOP
                        0x002008cb     0xa  Code  Lc  sccb.o [1]
LL_I2C_IsActiveFlag_TC  0x002008d5     0xa  Code  Lc  sccb.o [1]
LL_I2C_IsActiveFlag_TXE
                        0x002008b9     0x8  Code  Lc  sccb.o [1]
LL_I2C_ReceiveData8     0x00200907     0x6  Code  Lc  sccb.o [1]
LL_I2C_SetMode          0x00201077     0xc  Code  Lc  stm32f7xx_ll_i2c.o [1]
LL_I2C_SetOwnAddress1   0x00201051     0xe  Code  Lc  stm32f7xx_ll_i2c.o [1]
LL_I2C_SetTiming        0x00201073     0x4  Code  Lc  stm32f7xx_ll_i2c.o [1]
LL_I2C_TransmitData8    0x0020090d     0x6  Code  Lc  sccb.o [1]
LL_MPU_ConfigRegion     0x00201243    0x1e  Code  Lc  main.o [1]
LL_MPU_Disable          0x00201237     0xc  Code  Lc  main.o [1]
LL_MPU_Enable           0x00201225    0x12  Code  Lc  main.o [1]
LL_PWR_EnableOverDriveMode
                        0x002011ff     0xe  Code  Lc  main.o [1]
LL_PWR_EnableOverDriveSwitching
                        0x002011f1     0xe  Code  Lc  main.o [1]
LL_PWR_IsActiveFlag_OD  0x0020120d     0xc  Code  Lc  main.o [1]
LL_PWR_IsActiveFlag_ODSW
                        0x00201219     0xc  Code  Lc  main.o [1]
LL_RCC_GetSysClkSource  0x00201171     0xa  Code  Lc  main.o [1]
LL_RCC_HSE_Enable       0x00201147     0xe  Code  Lc  main.o [1]
LL_RCC_HSE_IsReady      0x00201155     0xc  Code  Lc  main.o [1]
LL_RCC_PLL_ConfigDomain_SYS
                        0x002011c5    0x1c  Code  Lc  main.o [1]
LL_RCC_PLL_Enable       0x002011ab     0xe  Code  Lc  main.o [1]
LL_RCC_PLL_IsReady      0x002011b9     0xc  Code  Lc  main.o [1]
LL_RCC_SetAHBPrescaler  0x0020117b    0x10  Code  Lc  main.o [1]
LL_RCC_SetAPB1Prescaler
                        0x0020118b    0x10  Code  Lc  main.o [1]
LL_RCC_SetAPB2Prescaler
                        0x0020119b    0x10  Code  Lc  main.o [1]
LL_RCC_SetSysClkSource  0x00201161    0x10  Code  Lc  main.o [1]
LL_mDelay               0x00200e65    0x26  Code  Gb  stm32f7xx_ll_utils.o [1]
MPU_Config              0x002012fb    0x1a  Code  Lc  main.o [1]
NVIC_EnableIRQ          0x002001f9    0x16  Code  Lc  camera.o [1]
NVIC_EnableIRQ          0x00200845    0x16  Code  Lc  sccb.o [1]
NVIC_SetPriority        0x0020020f    0x26  Code  Lc  camera.o [1]
NVIC_SetPriority        0x002010dd    0x22  Code  Lc  main.o [1]
NVIC_SetPriority        0x0020085b    0x22  Code  Lc  sccb.o [1]
OV9655_QQVGA            0x0020149c   0x12c  Data  Gb  ov9655.o [1]
OV9655_QVGA             0x00201370   0x12c  Data  Gb  ov9655.o [1]
OV9655_VGA              0x002015c8   0x128  Data  Gb  ov9655.o [1]
Region$$Table$$Base     0x00201814           --   Gb  - Linker created -
Region$$Table$$Limit    0x00201838           --   Gb  - Linker created -
STREAM_OFFSET_TAB       0x00201898     0x8  Data  Lc  camera.o [1]
STREAM_OFFSET_TAB       0x002018a0     0x8  Data  Lc  stm32f7xx_ll_dma.o [1]
SysTick_Config          0x002010ff    0x2e  Code  Lc  main.o [1]
SystemClock_Config      0x00201279    0x82  Code  Gb  main.o [1]
SystemCoreClock         0x20020000     0x4  Data  Gb  system_stm32f7xx.o [1]
SystemInit              0x002016f1    0x4c  Code  Gb  system_stm32f7xx.o [1]
__cmain                 0x00201839          Code  Gb  cmain.o [5]
__exit                  0x00201869    0x14  Code  Gb  exit.o [6]
__iar_copy_init3        0x0020179d    0x2c  Code  Gb  copy_init3.o [5]
__iar_data_init3        0x002017c9    0x28  Code  Gb  data_init.o [5]
__iar_init_vfp          0x002017f1          Code  Gb  fpinit_M.o [4]
__iar_program_start     0x0020188d          Code  Gb  cstartup_M.o [5]
__iar_zero_init3        0x0020175d    0x40  Code  Gb  zero_init3.o [5]
__low_level_init        0x00201853     0x4  Code  Gb  low_level_init.o [3]
__vector_table          0x00200000          Data  Gb  startup_stm32f765xx.o [1]
_call_main              0x00201845          Code  Gb  cmain.o [5]
_exit                   0x0020185d          Code  Gb  cexit.o [5]
_main                   0x0020184f          Code  Gb  cmain.o [5]
camera_capture_continuous
                        0x0020058d     0xc  Code  Gb  camera.o [1]
camera_get_pixels_size  0x00200777    0x2e  Code  Lc  camera.o [1]
camera_gpio_init        0x0020068f    0xe8  Code  Lc  camera.o [1]
camera_init             0x002003ed   0x14e  Code  Gb  camera.o [1]
camera_pwr_up           0x00200579    0x14  Code  Gb  camera.o [1]
camera_reg_init         0x0020053b    0x3e  Code  Lc  camera.o [1]
camera_start_capture    0x00200599    0xf6  Code  Lc  camera.o [1]
dev_addr                0x20029614     0x1  Data  Lc  sccb.o [1]
dev_reg_addr            0x20029615     0x1  Data  Lc  sccb.o [1]
dev_reg_val             0x20029616     0x1  Data  Lc  sccb.o [1]
exit                    0x00201857     0x4  Code  Gb  exit.o [3]
image_buffer            0x20020008  0x9600  Data  Gb  main.o [1]
main                    0x00201261    0x18  Code  Gb  main.o [1]
sccb_get_reg_val        0x00200aa7     0x6  Code  Gb  sccb.o [1]
sccb_gpio_init          0x002009cb    0x58  Code  Lc  sccb.o [1]
sccb_init               0x00200947    0x84  Code  Gb  sccb.o [1]
sccb_read_reg           0x00200a23    0x40  Code  Gb  sccb.o [1]
sccb_state              0x20020005     0x1  Data  Lc  sccb.o [1]
sccb_task               0x20020004     0x1  Data  Lc  sccb.o [1]
sccb_wait               0x00200aa1     0x6  Code  Gb  sccb.o [1]
sccb_write_reg          0x00200a63    0x3e  Code  Gb  sccb.o [1]
write_cnt               0x20029610     0x4  Data  Lc  sccb.o [1]


[1] = C:\Users\Goragod\Desktop\STM32F7-LL-OV9650\Project\STM32F7-OpenMV\EWARM\Debug\Obj
[2] = command line
[3] = dl7M_tln.a
[4] = m7M_tls.a
[5] = rt7M_tl.a
[6] = shb_l.a

   5 806 bytes of readonly  code memory
     958 bytes of readonly  data memory
  46 613 bytes of readwrite data memory

Errors: none
Warnings: none
